[arpitjainds.github.io/index.html]
[backblue.gif]
[fade.gif]
[index.html]
[arpitjainds.github.io/images/ogImage.png]
[arpitjainds.github.io/css/main.css]
[arpitjainds.github.io/css/mainpreloadereffect.css]
[arpitjainds.github.io/js/modernizr.custom.js]
[arpitjainds.github.io/images/old/AJ Small.png]
[arpitjainds.github.io/site.webmanifest]
[arpitjainds.github.io/images/arpitlogo1.gif]
[arpitjainds.github.io/index-2.html]
[arpitjainds.github.io/images/logo 8 transparent.png]
[arpitjainds.github.io/images/logo 8.png]
[arpitjainds.github.io/about.html]
[arpitjainds.github.io/CV_.pdf]
[arpitjainds.github.io/art/index.html]
[arpitjainds.github.io/projects/HCI/MOOC Feedback Visualization.html]
[arpitjainds.github.io/images/old/projects/MOOCFeedbackProjectTile2.png]
[arpitjainds.github.io/IntelligentInteractions/IntelligentInteractions.html]
[arpitjainds.github.io/images/old/projects/IntelligentInteractionsTile1.png]
[arpitjainds.github.io/projects/AI/AVL Tree Tutor.html]
[arpitjainds.github.io/images/old/projects/AVLTreeTile2.png]
[arpitjainds.github.io/projects/AI/Intellistudy.html]
[arpitjainds.github.io/images/old/projects/IntellistudyTile2.png]
[arpitjainds.github.io/projects/Social/Transit Healthy.html]
[arpitjainds.github.io/images/old/projects/TransitHealthyTile2.png]
[arpitjainds.github.io/images/old/projects/fragmentstile.png]
[arpitjainds.github.io/projects/HCI/Zenbo Class.html]
[arpitjainds.github.io/images/old/projects/ZenboClassroomTile2.png]
[arpitjainds.github.io/projects/HCI/Gazinteract.html]
[arpitjainds.github.io/images/old/projects/GazinteractTile1.png]
[arpitjainds.github.io/images/old/projects/chitkultile.jpg]
[arpitjainds.github.io/images/old/projects/noobskaterstile.jpg]
[arpitjainds.github.io/images/old/projects/birtile.jpg]
[arpitjainds.github.io/images/old/projects/polystyrenetile.jpg]
[arpitjainds.github.io/images/old/projects/aconversationwithmyfellowcreatortile.jpg]
[arpitjainds.github.io/art/work/womanearth.html]
[arpitjainds.github.io/images/old/projects/thewomanfromearthtile.jpg]
[arpitjainds.github.io/art/work/Affection.html]
[arpitjainds.github.io/images/old/projects/affectiontile.jpg]
[arpitjainds.github.io/art/work/creditlady.html]
[arpitjainds.github.io/images/old/projects/creditladytile.jpg]
[arpitjainds.github.io/art/work/abstract-paintings.html]
[arpitjainds.github.io/images/old/projects/meaninglesspaintingstile.jpg]
[arpitjainds.github.io/images/old/projects/ikigaiblogtile.jpg]
[arpitjainds.github.io/images/old/projects/climbingtigersnesttile.png]
[arpitjainds.github.io/images/old/projects/PeaceAmidstTheSilenceProjectTile2.jpg]
[arpitjainds.github.io/js/jquery-3.2.1.min.js]
[arpitjainds.github.io/js/plugins.js]
[arpitjainds.github.io/js/aos.js]
[arpitjainds.github.io/js/classie.js]
[arpitjainds.github.io/js/pathLoader.js]
[arpitjainds.github.io/js/main.js]
[arpitjainds.github.io/js/charming.min.js]
[arpitjainds.github.io/js/TweenMax.min.js]
[arpitjainds.github.io/js/hoverImage.js]
[arpitjainds.github.io/ReusableComponents/header__search.html]
[arpitjainds.github.io/ReusableComponents/header__social.html]
[arpitjainds.github.io/index.html]
[arpitjainds.github.io/css/base.css]
[arpitjainds.github.io/css/hover.css]
[arpitjainds.github.io/css/aos.css]
[arpitjainds.github.io/Fonts/IBMPlexMono-Thin.ttf]
[arpitjainds.github.io/Fonts/IBMPlexMono-Light.ttf]
[arpitjainds.github.io/Fonts/Manrope-ExtraLight.ttf]
[arpitjainds.github.io/Fonts/manrope-light.ttf]
[arpitjainds.github.io/Fonts/manrope-regular.ttf]
[arpitjainds.github.io/Fonts/manrope-bold.ttf]
[arpitjainds.github.io/Fonts/manrope-extrabold.ttf]
[arpitjainds.github.io/images/icons/icon-quote.svg]
[arpitjainds.github.io/images/icons/icon-arrow-left.svg]
[arpitjainds.github.io/images/icons/icon-arrow-right.svg]
[arpitjainds.github.io/images/icons/icon-link.svg]
[arpitjainds.github.io/images/icons/icon-video.svg]
[arpitjainds.github.io/images/icons/icon-audio.svg]
[arpitjainds.github.io/images/icons/social/iconfinder_FB_1217141.png]
[arpitjainds.github.io/images/icons/social/iconfinder_TWITTER_1217163.png]
[arpitjainds.github.io/images/icons/social/icon-dribbble.svg]
[arpitjainds.github.io/images/icons/social/iconfinder_BEHANCE_1217158.png]
[arpitjainds.github.io/images/icons/social/iconfinder_INSTAGRAM_1217174.png]
[arpitjainds.github.io/images/icons/social/iconfinder_LINKEDIN_1217173.png]
[arpitjainds.github.io/images/icons/social/icon-pinterest.svg]
[arpitjainds.github.io/images/icons/social/icon-rss.svg]
[arpitjainds.github.io/images/icons/social/298822-512.png]
[arpitjainds.github.io/images/icons/social/email.png]
[arpitjainds.github.io/images/icons/social/3721675-512.png]
[arpitjainds.github.io/images/icons/social/spotify.png]
[arpitjainds.github.io/images/icons/social/youtube.png]
[arpitjainds.github.io/images/icons/birghtness.svg]
[arpitjainds.github.io/Fonts/share-buttons.woff]
[arpitjainds.github.io/images/old/mask.png]
[arpitjainds.github.io/css/main.css]
[arpitjainds.github.io/css/mainpreloadereffect.css]
[arpitjainds.github.io/index-2.html]
[arpitjainds.github.io/js/modernizr.js]
[arpitjainds.github.io/images/old/space9.jpg]
[arpitjainds.github.io/images/old/vinyl.svg]
[arpitjainds.github.io/images/namaste.png]
[arpitjainds.github.io/js/imagesloaded.pkgd.min.js]
[arpitjainds.github.io/js/anime.min.js]
[arpitjainds.github.io/js/mainformediapopup.js]
[arpitjainds.github.io/about.html]
[arpitjainds.github.io/art/img/ogPicture.png]
[arpitjainds.github.io/art/css/main.css]
[arpitjainds.github.io/art/feed.xml]
[arpitjainds.github.io/art/img/favicon.png]
[arpitjainds.github.io/art/img/ArpitJainLogoWhite.png]
[arpitjainds.github.io/art/work/photography.html]
[arpitjainds.github.io/art/img/work/photography/LINKEDINCOVER.png]
[arpitjainds.github.io/art/img/work/womanearth/IMG_7382.jpg]
[arpitjainds.github.io/art/img/work/affection/IMG_7133.jpg]
[arpitjainds.github.io/art/work/fellowcreator.html]
[arpitjainds.github.io/art/img/work/fellowcreator/fellowcreatorcover1.png]
[arpitjainds.github.io/art/img/work/creditlady/IMG_7393.jpg]
[arpitjainds.github.io/art/work/bhutantravel.html]
[arpitjainds.github.io/art/img/work/bhutantravel/bhutantravelcover.png]
[arpitjainds.github.io/art/work/lifethoughts.html]
[arpitjainds.github.io/art/img/work/lifethoughts/thoughtslifecover2.jpg]
[arpitjainds.github.io/art/work/taiwantravel.html]
[arpitjainds.github.io/art/img/work/taiwantravel/traveltaiwancover3.jpg]
[arpitjainds.github.io/art/work/world.html]
[arpitjainds.github.io/art/img/work/world/WorldCover2.jpg]
[arpitjainds.github.io/art/img/work/abstractpaintings/anstractpaintingscover.jpg]
[arpitjainds.github.io/art/work/odissi.html]
[arpitjainds.github.io/art/img/work/odissi/DSC_0031.jpg]
[ajax.googleapis.com/ajax/libs/jquery/3.4.1/jquery.min.js]
[unpkg.com/scrollreveal/dist/scrollreveal.min.75.delayed]
[unpkg.com/scrollreveal@4.0.9/dist/scrollreveal.min.js]
[cdnjs.cloudflare.com/ajax/libs/barba.js/1.0.0/barba.min.js]
[arpitjainds.github.io/art/js/barba-transitions.min.js]
[arpitjainds.github.io/art/js/ladysizes.min.js]
[arpitjainds.github.io/art/js/main.js]
[www.google-analytics.com/analytics.js]
[arpitjainds.github.io/art/index.html]
[arpitjainds.github.io/projects/HCI/Resources/MOOC Feedback/MOOCFeedbackProjectTile.jpg]
[arpitjainds.github.io/projects/HCI/Resources/MOOC Feedback/GASE Final PDF-page-003.jpg]
[arpitjainds.github.io/projects/HCI/Resources/MOOC Feedback/GASE Final PDF-page-004.jpg]
[arpitjainds.github.io/projects/HCI/Resources/MOOC Feedback/GASE Final PDF-page-005.jpg]
[arpitjainds.github.io/projects/HCI/Resources/MOOC Feedback/GASE Final PDF-page-006.jpg]
[arpitjainds.github.io/projects/HCI/Resources/MOOC Feedback/GASE Final PDF-page-007.jpg]
[arpitjainds.github.io/projects/HCI/Resources/MOOC Feedback/GASE Final PDF-page-008.jpg]
[arpitjainds.github.io/projects/HCI/Resources/MOOC Feedback/GASE Final PDF-page-009.jpg]
[arpitjainds.github.io/projects/HCI/Resources/MOOC Feedback/GASE Final PDF-page-012.jpg]
[arpitjainds.github.io/projects/HCI/Resources/MOOC Feedback/GASE Final PDF-page-014.jpg]
[arpitjainds.github.io/projects/HCI/Resources/MOOC Feedback/GASE Final PDF-page-010.jpg]
[arpitjainds.github.io/projects/HCI/Resources/MOOC Feedback/GASE Final PDF-page-011.jpg]
[arpitjainds.github.io/projects/HCI/Resources/MOOC Feedback/GASE Final PDF-page-013.jpg]
[arpitjainds.github.io/projects/HCI/MOOC Feedback Visualization.html]
[arpitjainds.github.io/assets/img/logo.png]
[arpitjainds.github.io/IntelligentInteractions/Assets/css/main.css]
[arpitjainds.github.io/IntelligentInteractions/Assets/css/flexboxgrid.css]
[arpitjainds.github.io/IntelligentInteractions/Assets/img/Small.png]
[arpitjainds.github.io/IntelligentInteractions/index.html]
[arpitjainds.github.io/IntelligentInteractions/Assets/img/smallaj.png]
[ajax.googleapis.com/ajax/libs/jquery/2.2.4/jquery.min.js]
[cdnjs.cloudflare.com/ajax/libs/tone/14.3.48/Tone.js]
[arpitjainds.github.io/IntelligentInteractions/Assets/js/anime.min.js]
[arpitjainds.github.io/IntelligentInteractions/Assets/js/scrollMonitor.js]
[arpitjainds.github.io/IntelligentInteractions/Assets/js/morphscrolleffect.js]
[arpitjainds.github.io/IntelligentInteractions/Assets/js/jquery.mousewheel.min.js]
[arpitjainds.github.io/IntelligentInteractions/Assets/js/charming.min.js]
[arpitjainds.github.io/IntelligentInteractions/Assets/js/TweenMax.min.js]
[arpitjainds.github.io/IntelligentInteractions/Assets/js/hoverImage.js]
[arpitjainds.github.io/IntelligentInteractions/IntelligentInteractions.html]
[arpitjainds.github.io/images/old/projects/AVLTreeTile.jpg]
[arpitjainds.github.io/images/old/projects/AVLTreeTile1.jpg]
[arpitjainds.github.io/js/player.js]
[arpitjainds.github.io/projects/AI/Resources/AVL Tree Tutor/Compute 2019 Poster Vertical.png]
[arpitjainds.github.io/projects/AI/AVL Tree Tutor.html]
[arpitjainds.github.io/css/vendor.css]
[cdnjs.cloudflare.com/ajax/libs/owl-carousel/1.3.3/owl.theme.css]
[arpitjainds.github.io/images/old/projects/IntellistudyTile.jpg]
[arpitjainds.github.io/projects/AI/Resources/Intellistudy/StudentHome.png]
[arpitjainds.github.io/projects/AI/Resources/Intellistudy/StudentCareer.png]
[arpitjainds.github.io/projects/AI/Resources/Intellistudy/StudentCourse.png]
[arpitjainds.github.io/projects/AI/Resources/Intellistudy/CourseContent.png]
[arpitjainds.github.io/projects/AI/Resources/Intellistudy/CourseContent1.png]
[arpitjainds.github.io/projects/AI/Resources/Intellistudy/MentorHome.png]
[arpitjainds.github.io/projects/AI/Resources/Intellistudy/MentorCourseEdit.png]
[arpitjainds.github.io/projects/AI/Resources/Intellistudy/MentorEditQuiz.png]
[arpitjainds.github.io/projects/AI/Resources/Intellistudy/PreQuiz.png]
[arpitjainds.github.io/projects/AI/Resources/Intellistudy/PreQuizResult.png]
[arpitjainds.github.io/projects/AI/Intellistudy.html]
[cdnjs.cloudflare.com/ajax/libs/owl-carousel/1.3.3/owl.carousel.js]
[arpitjainds.github.io/images/old/projects/TransitHealthyTile1.jpg]
[arpitjainds.github.io/images/old/projects/TransitHealthyTile0.jpg]
[arpitjainds.github.io/projects/Social/Resources/Transit Healthy/pjimage.jpg]
[arpitjainds.github.io/projects/Social/Resources/Transit Healthy/certificate go green.pdf]
[arpitjainds.github.io/projects/Social/Resources/Transit Healthy/New/Fact1.png]
[arpitjainds.github.io/projects/Social/Resources/Transit Healthy/New/Fact2.png]
[arpitjainds.github.io/projects/Social/Resources/Transit Healthy/New/Fact3.png]
[arpitjainds.github.io/projects/Social/Resources/Transit Healthy/New/Fact4.png]
[arpitjainds.github.io/projects/Social/Resources/Transit Healthy/New/Fact5.png]
[arpitjainds.github.io/projects/Social/Resources/Transit Healthy/New/Fact6.png]
[arpitjainds.github.io/projects/Social/Resources/Transit Healthy/New/Fact7.png]
[arpitjainds.github.io/projects/Social/Resources/Transit Healthy/New/System.png]
[arpitjainds.github.io/projects/Social/Resources/Transit Healthy/New/System3.png]
[arpitjainds.github.io/projects/Social/Resources/Transit Healthy/transitHealthy2.png]
[arpitjainds.github.io/projects/Social/Resources/Transit Healthy/transitHealthy4.png]
[arpitjainds.github.io/projects/Social/Resources/Transit Healthy/transitHealthy1.png]
[arpitjainds.github.io/projects/Social/Resources/Transit Healthy/TransitHealthyTile1.jpg]
[arpitjainds.github.io/projects/Social/Transit Healthy.html]
[arpitjainds.github.io/projects/HCI/Resources/zenbo class/main.gif]
[arpitjainds.github.io/projects/HCI/Resources/zenbo class/1.gif]
[arpitjainds.github.io/projects/HCI/Resources/zenbo class/2.gif]
[arpitjainds.github.io/projects/HCI/Resources/zenbo class/3.gif]
[arpitjainds.github.io/projects/HCI/Resources/zenbo class/4.gif]
[arpitjainds.github.io/projects/HCI/Resources/zenbo class/5.gif]
[arpitjainds.github.io/projects/HCI/Resources/zenbo class/6.gif]
[arpitjainds.github.io/projects/HCI/Zenbo Class.html]
[arpitjainds.github.io/images/old/projects/GazinteractTile.jpg]
[arpitjainds.github.io/projects/HCI/Resources/Gazinteract/face.png]
[arpitjainds.github.io/projects/HCI/Resources/Gazinteract/face1.png]
[arpitjainds.github.io/projects/HCI/Resources/Gazinteract/facedetect.gif]
[arpitjainds.github.io/projects/HCI/Resources/Gazinteract/eardetect.gif]
[arpitjainds.github.io/projects/HCI/Resources/Gazinteract/eyezoom.mp4]
[arpitjainds.github.io/projects/HCI/Gazinteract.html]
[arpitjainds.github.io/work/womanearth.html]
[arpitjainds.github.io/art/img/work/womanearth/IMG_7386.jpg]
[arpitjainds.github.io/art/img/work/womanearth/IMG_7384.jpg]
[arpitjainds.github.io/art/img/work/womanearth/IMG_7387.jpg]
[arpitjainds.github.io/art/img/work/womanearth/IMG_7388.jpg]
[arpitjainds.github.io/art/work/womanearth.html]
[arpitjainds.github.io/work/Affection.html]
[arpitjainds.github.io/art/img/work/affection/IMG_7129.jpg]
[arpitjainds.github.io/art/img/work/affection/IMG_7135.jpg]
[arpitjainds.github.io/art/img/work/affection/IMG_7130.jpg]
[arpitjainds.github.io/art/img/work/affection/IMG_7132.jpg]
[arpitjainds.github.io/art/img/work/affection/IMG_7134.jpg]
[arpitjainds.github.io/art/work/Affection.html]
[arpitjainds.github.io/work/creditlady.html]
[arpitjainds.github.io/art/img/work/creditlady/mw.gif]
[arpitjainds.github.io/art/img/work/creditlady/IMG_7391.jpg]
[arpitjainds.github.io/art/img/work/creditlady/mw1.gif]
[arpitjainds.github.io/art/img/work/creditlady/IMG_7394.jpg]
[arpitjainds.github.io/art/img/work/creditlady/IMG_7390.jpg]
[arpitjainds.github.io/art/work/creditlady.html]
[arpitjainds.github.io/work/abstract-paintings.html]
[arpitjainds.github.io/art/img/work/abstractpaintings/IMG_0902.jpg]
[arpitjainds.github.io/art/img/work/abstractpaintings/IMG_0959.jpg]
[arpitjainds.github.io/art/img/work/abstractpaintings/IMG_0903.jpg]
[arpitjainds.github.io/art/img/work/abstractpaintings/IMG_0943.jpg]
[arpitjainds.github.io/art/img/work/abstractpaintings/IMG_7139.jpg]
[arpitjainds.github.io/art/img/work/abstractpaintings/IMG_7142.jpg]
[arpitjainds.github.io/art/img/work/abstractpaintings/IMG_7122.jpg]
[arpitjainds.github.io/art/img/work/abstractpaintings/IMG_7124.jpg]
[arpitjainds.github.io/art/img/work/abstractpaintings/IMG_7126.jpg]
[arpitjainds.github.io/art/img/work/abstractpaintings/IMG_7128.jpg]
[arpitjainds.github.io/art/work/abstract-paintings.html]
[arpitjainds.github.io/ReusableComponents/header__search.html]
[arpitjainds.github.io/ReusableComponents/header__social.html]
[arpitjainds.github.io/css/base.css]
[arpitjainds.github.io/css/hover.css]
[arpitjainds.github.io/css/aos.css]
[arpitjainds.github.io/images/icons/icon-quote.svg]
[arpitjainds.github.io/images/icons/icon-arrow-left.svg]
[arpitjainds.github.io/images/icons/icon-arrow-right.svg]
[arpitjainds.github.io/images/icons/icon-link.svg]
[arpitjainds.github.io/images/icons/icon-video.svg]
[arpitjainds.github.io/images/icons/icon-audio.svg]
[arpitjainds.github.io/images/icons/social/icon-dribbble.html]
[arpitjainds.github.io/images/icons/social/icon-pinterest.html]
[arpitjainds.github.io/images/icons/social/icon-rss.html]
[arpitjainds.github.io/images/icons/birghtness.svg]
[arpitjainds.github.io/images/old/vinyl.svg]
[arpitjainds.github.io/art/font/Manrope-ExtraLight.ttf]
[arpitjainds.github.io/art/font/manrope-light.ttf]
[arpitjainds.github.io/art/font/manrope-regular.ttf]
[arpitjainds.github.io/art/font/manrope-bold.ttf]
[arpitjainds.github.io/art/font/manrope-extrabold.ttf]
[arpitjainds.github.io/art/css/main.css]
[arpitjainds.github.io/art/font/HomemadeApple-Regular.ttf]
[arpitjainds.github.io/work/photography.html]
[arpitjainds.github.io/art/img/work/photography/Picture1.jpg]
[arpitjainds.github.io/art/img/work/photography/Picture2.jpg]
[arpitjainds.github.io/art/img/work/photography/Picture3.jpg]
[arpitjainds.github.io/art/img/work/photography/Picture4.jpg]
[arpitjainds.github.io/art/img/work/photography/Picture5.jpg]
[arpitjainds.github.io/art/img/work/photography/Picture7.jpg]
[arpitjainds.github.io/art/img/work/photography/Picture8.jpg]
[arpitjainds.github.io/art/img/work/photography/Picture9.jpg]
[arpitjainds.github.io/art/img/work/photography/Picture12.jpg]
[arpitjainds.github.io/art/img/work/photography/Picture13.jpg]
[arpitjainds.github.io/art/img/work/photography/Picture14.jpg]
[arpitjainds.github.io/art/img/work/photography/Picture19.jpg]
[arpitjainds.github.io/art/img/work/photography/Picture20.jpg]
[arpitjainds.github.io/art/img/work/photography/Picture21.jpg]
[arpitjainds.github.io/art/img/work/photography/Picture6.jpg]
[arpitjainds.github.io/art/img/work/photography/Picture10.jpg]
[arpitjainds.github.io/art/img/work/photography/Picture11.jpg]
[arpitjainds.github.io/art/img/work/photography/Picture15.jpg]
[arpitjainds.github.io/art/img/work/photography/Picture16.jpg]
[arpitjainds.github.io/art/img/work/photography/Picture17.jpg]
[arpitjainds.github.io/art/img/work/photography/Picture18.jpg]
[arpitjainds.github.io/art/work/photography.html]
[arpitjainds.github.io/work/fellowcreator.html]
[arpitjainds.github.io/art/work/fellowcreator.html]
[player.vimeo.com/api/player.js]
[arpitjainds.github.io/work/bhutantravel.html]
[arpitjainds.github.io/art/work/bhutantravel.html]
[arpitjainds.github.io/work/lifethoughts.html]
[arpitjainds.github.io/art/img/work/lifethoughts/IMG_0944.jpg]
[arpitjainds.github.io/art/img/work/lifethoughts/IMG_7148.jpg]
[arpitjainds.github.io/art/img/work/lifethoughts/IMG_0945.jpg]
[arpitjainds.github.io/art/img/work/lifethoughts/IMG_7149.jpg]
[arpitjainds.github.io/art/img/work/lifethoughts/IMG_7147.jpg]
[arpitjainds.github.io/art/work/lifethoughts.html]
[arpitjainds.github.io/work/taiwantravel.html]
[arpitjainds.github.io/art/work/taiwantravel.html]
[arpitjainds.github.io/work/world.html]
[arpitjainds.github.io/art/img/work/world/IMG_0899.jpg]
[arpitjainds.github.io/art/work/world.html]
[arpitjainds.github.io/work/odissi.html]
[arpitjainds.github.io/art/img/work/odissi/DSC_0012.jpg]
[arpitjainds.github.io/art/img/work/odissi/DSC_0043.jpg]
[arpitjainds.github.io/art/img/work/odissi/DSC_0079.jpg]
[arpitjainds.github.io/art/img/work/odissi/DSC_0061.jpg]
[arpitjainds.github.io/art/work/odissi.html]
[arpitjainds.github.io/assets/img/logo.html]
[arpitjainds.github.io/IntelligentInteractions/Assets/Fonts/manrope-regular.ttf]
[arpitjainds.github.io/IntelligentInteractions/Assets/css/main.css]
[arpitjainds.github.io/IntelligentInteractions/Assets/css/flexboxgrid.css]
[arpitjainds.github.io/IntelligentInteractions/Assets/img/Small.html]
[arpitjainds.github.io/IntelligentInteractions/index.html]
[arpitjainds.github.io/css/vendor.html]
[arpitjainds.github.io/IntelligentInteractions/Assets/Fonts/manrope-bold.ttf]
[cdnjs.cloudflare.com/ajax/libs/owl-carousel/1.3.3/AjaxLoader.gif]
[cdnjs.cloudflare.com/ajax/libs/owl-carousel/1.3.3/owl.theme.css]
[arpitjainds.github.io/images/old/projects/TransitHealthyTile0.html]
[arpitjainds.github.io/work/womanearth.html]
[arpitjainds.github.io/work/Affection.html]
[arpitjainds.github.io/work/creditlady.html]
[arpitjainds.github.io/work/abstract-paintings.html]
[arpitjainds.github.io/work/photography.html]
[arpitjainds.github.io/work/fellowcreator.html]
[arpitjainds.github.io/work/bhutantravel.html]
[arpitjainds.github.io/work/lifethoughts.html]
[arpitjainds.github.io/work/taiwantravel.html]
[arpitjainds.github.io/work/world.html]
[arpitjainds.github.io/work/odissi.html]
